// Jest Snapshot v1, https://jestjs.io/docs/snapshot-testing

exports[`NotFound tests should render NotFound component 1`] = `
<DocumentFragment>
  <section
    class="pf-v6-c-page__main-section"
  >
    <div
      class="pf-v6-c-empty-state"
    >
      <div
        class="pf-v6-c-empty-state__content"
      >
        <div
          class="pf-v6-c-empty-state__header"
        >
          <div
            class="pf-v6-c-empty-state__icon"
          >
            <svg
              aria-hidden="true"
              class="pf-v6-svg"
              fill="currentColor"
              height="1em"
              role="img"
              viewBox="0 0 576 512"
              width="1em"
            >
              <path
                d="M569.517 440.013C587.975 472.007 564.806 512 527.94 512H48.054c-36.937 0-59.999-40.055-41.577-71.987L246.423 23.985c18.467-32.009 64.72-31.951 83.154 0l239.94 416.028zM288 354c-25.405 0-46 20.595-46 46s20.595 46 46 46 46-20.595 46-46-20.595-46-46-46zm-43.673-165.346l7.418 136c.347 6.364 5.609 11.346 11.982 11.346h48.546c6.373 0 11.635-4.982 11.982-11.346l7.418-136c.375-6.874-5.098-12.654-11.982-12.654h-63.383c-6.884 0-12.356 5.78-11.981 12.654z"
              />
            </svg>
          </div>
          <div
            class="pf-v6-c-empty-state__title"
          >
            <h1
              class="pf-v6-c-empty-state__title-text"
            >
              404 Page not found
            </h1>
          </div>
        </div>
        <div
          class="pf-v6-c-empty-state__body"
        >
          We didn't find a page that matches the address you navigated to.
        </div>
        <div
          class="pf-v6-c-empty-state__footer"
        >
          <button
            class="pf-v6-c-button pf-m-primary"
            data-ouia-component-id="OUIA-Generated-Button-primary-1"
            data-ouia-component-type="PF6/Button"
            data-ouia-safe="true"
            type="button"
          >
            <span
              class="pf-v6-c-button__text"
            >
              Take me home
            </span>
          </button>
        </div>
      </div>
    </div>
  </section>
</DocumentFragment>
`;
